AR fulladdersimplifiedwave testbench_arch "C:/Projects/Xilinx Projects/Flip-Flop/Projects/basicStructural/fullAdderSimplifiedWave.ant" sub00/vhpl09 1784221143
EN halfadder NULL "C:/Projects/Xilinx Projects/Flip-Flop/Projects/basicStructural/halfAdder.vhd" sub00/vhpl00 1784220919
AR halfadder behavioral "C:/Projects/Xilinx Projects/Flip-Flop/Projects/basicStructural/halfAdder.vhd" sub00/vhpl01 1784220920
AR fulladdercomponents behavioral "C:/Projects/Xilinx Projects/Flip-Flop/Projects/basicStructural/fullAdderComponents.vhd" sub00/vhpl03 1784220922
EN fulladdercomponents NULL "C:/Projects/Xilinx Projects/Flip-Flop/Projects/basicStructural/fullAdderComponents.vhd" sub00/vhpl02 1784220921
AR fulladdercomponentswave testbench_arch "C:/Projects/Xilinx Projects/Flip-Flop/Projects/basicStructural/fullAdderComponentsWave.ant" sub00/vhpl05 1784221129
EN fulladdercomponentswave NULL "C:/Projects/Xilinx Projects/Flip-Flop/Projects/basicStructural/fullAdderComponentsWave.ant" sub00/vhpl04 1784221128
EN fulladdersimplified NULL "C:/Projects/Xilinx Projects/Flip-Flop/Projects/basicStructural/fullAdderSimplified.vhd" sub00/vhpl06 1784221130
EN fulladdersimplifiedwave NULL "C:/Projects/Xilinx Projects/Flip-Flop/Projects/basicStructural/fullAdderSimplifiedWave.ant" sub00/vhpl08 1784221142
AR fulladdersimplified behavioral "C:/Projects/Xilinx Projects/Flip-Flop/Projects/basicStructural/fullAdderSimplified.vhd" sub00/vhpl07 1784221131
