AR fulllsubtractorsimplified behavioral "C:/Projects/Xilinx Projects/Flip-Flop/Projects/basicStructural/fulllSubtractorSimplified.vhd" sub00/vhpl13 1784986132
AR fullsubtractorcomponentswave testbench_arch "C:/Projects/Xilinx Projects/Flip-Flop/Projects/basicStructural/fullSubtractorComponentsWave.ant" sub00/vhpl19 1784986357
AR fulladdersimplifiedwave testbench_arch "C:/Projects/Xilinx Projects/Flip-Flop/Projects/basicStructural/fullAdderSimplifiedWave.ant" sub00/vhpl09 1784221143
AR fullsubtractorcomponents behavioral "C:/Projects/Xilinx Projects/Flip-Flop/Projects/basicStructural/fullSubtractorComponents.vhd" sub00/vhpl17 1784986355
EN halfadder NULL "C:/Projects/Xilinx Projects/Flip-Flop/Projects/basicStructural/halfAdder.vhd" sub00/vhpl00 1784220919
EN fullsubtractorcomponents NULL "C:/Projects/Xilinx Projects/Flip-Flop/Projects/basicStructural/fullSubtractorComponents.vhd" sub00/vhpl16 1784986354
EN fullsubtractorsimplifiedwave NULL "C:/Projects/Xilinx Projects/Flip-Flop/Projects/basicStructural/fullSubtractorSimplifiedWave.ant" sub00/vhpl14 1784986133
EN fulllsubtractorsimplified NULL "C:/Projects/Xilinx Projects/Flip-Flop/Projects/basicStructural/fulllSubtractorSimplified.vhd" sub00/vhpl12 1784986131
AR halfadder behavioral "C:/Projects/Xilinx Projects/Flip-Flop/Projects/basicStructural/halfAdder.vhd" sub00/vhpl01 1784220920
AR halfsubtractor behavioral "C:/Projects/Xilinx Projects/Flip-Flop/Projects/basicStructural/halfSubtractor.vhd" sub00/vhpl11 1784986084
EN halfsubtractor NULL "C:/Projects/Xilinx Projects/Flip-Flop/Projects/basicStructural/halfSubtractor.vhd" sub00/vhpl10 1784986083
AR fulladdercomponents behavioral "C:/Projects/Xilinx Projects/Flip-Flop/Projects/basicStructural/fullAdderComponents.vhd" sub00/vhpl03 1784220922
EN fulladdercomponents NULL "C:/Projects/Xilinx Projects/Flip-Flop/Projects/basicStructural/fullAdderComponents.vhd" sub00/vhpl02 1784220921
AR fullsubtractorsimplifiedwave testbench_arch "C:/Projects/Xilinx Projects/Flip-Flop/Projects/basicStructural/fullSubtractorSimplifiedWave.ant" sub00/vhpl15 1784986134
AR fulladdercomponentswave testbench_arch "C:/Projects/Xilinx Projects/Flip-Flop/Projects/basicStructural/fullAdderComponentsWave.ant" sub00/vhpl05 1784221129
EN fulladdercomponentswave NULL "C:/Projects/Xilinx Projects/Flip-Flop/Projects/basicStructural/fullAdderComponentsWave.ant" sub00/vhpl04 1784221128
EN fulladdersimplified NULL "C:/Projects/Xilinx Projects/Flip-Flop/Projects/basicStructural/fullAdderSimplified.vhd" sub00/vhpl06 1784221130
EN fulladdersimplifiedwave NULL "C:/Projects/Xilinx Projects/Flip-Flop/Projects/basicStructural/fullAdderSimplifiedWave.ant" sub00/vhpl08 1784221142
AR fulladdersimplified behavioral "C:/Projects/Xilinx Projects/Flip-Flop/Projects/basicStructural/fullAdderSimplified.vhd" sub00/vhpl07 1784221131
EN fullsubtractorcomponentswave NULL "C:/Projects/Xilinx Projects/Flip-Flop/Projects/basicStructural/fullSubtractorComponentsWave.ant" sub00/vhpl18 1784986356
