V3 19
FL "C:/Projects/Xilinx Projects/Flip-Flop/Projects/basicStructural/fullAdderComponentsWave.ant" 2026/07/16.22:28:47 I.24
EN work/fullAdderComponentsWave 1784221128 \
      FL "C:/Projects/Xilinx Projects/Flip-Flop/Projects/basicStructural/fullAdderComponentsWave.ant" \
      PB ieee/std_logic_1164 1132105529 PB ieee/STD_LOGIC_TEXTIO 1132105539 \
      PB ieee/std_logic_arith 1132105531 PB ieee/STD_LOGIC_UNSIGNED 1132105537 \
      PB std/textio 1132105521
AR work/fullAdderComponentsWave/testbench_arch 1784221129 \
      FL "C:/Projects/Xilinx Projects/Flip-Flop/Projects/basicStructural/fullAdderComponentsWave.ant" \
      EN work/fullAdderComponentsWave 1784221128 CP fullAdderComponents \
      PB ieee/STD_LOGIC_TEXTIO 1132105539
FL "C:/Projects/Xilinx Projects/Flip-Flop/Projects/basicStructural/fullAdderComponents.vhd" 2026/07/16.21:58:01 I.24
EN work/fullAdderComponents 1784220921 \
      FL "C:/Projects/Xilinx Projects/Flip-Flop/Projects/basicStructural/fullAdderComponents.vhd" \
      PB ieee/std_logic_1164 1132105529
AR work/fullAdderComponents/Behavioral 1784220922 \
      FL "C:/Projects/Xilinx Projects/Flip-Flop/Projects/basicStructural/fullAdderComponents.vhd" \
      EN work/fullAdderComponents 1784220921 CP halfAdder
FL "C:/Projects/Xilinx Projects/Flip-Flop/Projects/basicStructural/halfAdder.vhd" 2026/07/16.21:56:10 I.24
EN work/halfAdder 1784220919 \
      FL "C:/Projects/Xilinx Projects/Flip-Flop/Projects/basicStructural/halfAdder.vhd" \
      PB ieee/std_logic_1164 1132105529
AR work/halfAdder/Behavioral 1784220920 \
      FL "C:/Projects/Xilinx Projects/Flip-Flop/Projects/basicStructural/halfAdder.vhd" \
      EN work/halfAdder 1784220919
FL "C:/Projects/Xilinx Projects/Flip-Flop/Projects/basicStructural/fullAdderSimplified.vhd" 2026/07/16.22:27:24 I.24
EN work/fullAdderSimplified 1784221130 \
      FL "C:/Projects/Xilinx Projects/Flip-Flop/Projects/basicStructural/fullAdderSimplified.vhd" \
      PB ieee/std_logic_1164 1132105529
AR work/fullAdderSimplified/Behavioral 1784221131 \
      FL "C:/Projects/Xilinx Projects/Flip-Flop/Projects/basicStructural/fullAdderSimplified.vhd" \
      EN work/fullAdderSimplified 1784221130 CP work/halfAdder
FL "C:/Projects/Xilinx Projects/Flip-Flop/Projects/basicStructural/fullAdderSimplifiedWave.ant" 2026/07/16.22:29:02 I.24
EN work/fullAdderSimplifiedWave 1784221142 \
      FL "C:/Projects/Xilinx Projects/Flip-Flop/Projects/basicStructural/fullAdderSimplifiedWave.ant" \
      PB ieee/std_logic_1164 1132105529 PB ieee/STD_LOGIC_TEXTIO 1132105539 \
      PB ieee/std_logic_arith 1132105531 PB ieee/STD_LOGIC_UNSIGNED 1132105537 \
      PB std/textio 1132105521
AR work/fullAdderSimplifiedWave/testbench_arch 1784221143 \
      FL "C:/Projects/Xilinx Projects/Flip-Flop/Projects/basicStructural/fullAdderSimplifiedWave.ant" \
      EN work/fullAdderSimplifiedWave 1784221142 CP fullAdderSimplified \
      PB ieee/STD_LOGIC_TEXTIO 1132105539
