AR fulladder behavioral "C:/Projects/Xilinx Projects/Flip-Flop/Projects/simpleAdders/fullAdder.vhd" sub00/vhpl03 1785941988
EN halfadder NULL "C:/Projects/Xilinx Projects/Flip-Flop/Projects/simpleAdders/halfAdder.vhd" sub00/vhpl04 1784138307
EN fulladder NULL "C:/Projects/Xilinx Projects/Flip-Flop/Projects/simpleAdders/fullAdder.vhd" sub00/vhpl02 1785941987
AR halfadders behavioral "C:/Projects/Xilinx Projects/Flip-Flop/Projects/simpleAdders/halfAdders.vhd" sub00/vhpl01 1784135863
AR halfadder behavioral "C:/Projects/Xilinx Projects/Flip-Flop/Projects/simpleAdders/halfAdder.vhd" sub00/vhpl05 1784138308
EN halfadders NULL "C:/Projects/Xilinx Projects/Flip-Flop/Projects/simpleAdders/halfAdders.vhd" sub00/vhpl00 1784138118
