Release 8.1i - xst I.24
Copyright (c) 1995-2005 Xilinx, Inc.  All rights reserved.
--> Parameter TMPDIR set to ./xst/projnav.tmp
CPU : 0.00 / 0.89 s | Elapsed : 0.00 / 1.00 s
 
--> Parameter xsthdpdir set to ./xst
CPU : 0.00 / 0.89 s | Elapsed : 0.00 / 1.00 s
 
--> Reading design: BCDAdder.prj

TABLE OF CONTENTS
  1) Synthesis Options Summary
  2) HDL Compilation
  3) HDL Analysis
  4) HDL Synthesis
     4.1) HDL Synthesis Report
  5) Advanced HDL Synthesis
     5.1) Advanced HDL Synthesis Report
  6) Low Level Synthesis
  7) Final Report

=========================================================================
*                      Synthesis Options Summary                        *
=========================================================================
---- Source Parameters
Input File Name                    : "BCDAdder.prj"
Input Format                       : mixed
Ignore Synthesis Constraint File   : NO

---- Target Parameters
Output File Name                   : "BCDAdder"
Output Format                      : NGC
Target Device                      : Automotive CoolRunner2

---- Source Options
Top Module Name                    : BCDAdder
Automatic FSM Extraction           : YES
FSM Encoding Algorithm             : Auto
Mux Extraction                     : YES
Resource Sharing                   : YES

---- Target Options
Add IO Buffers                     : YES
MACRO Preserve                     : YES
XOR Preserve                       : YES
Equivalent register Removal        : YES

---- General Options
Optimization Goal                  : Speed
Optimization Effort                : 1
Keep Hierarchy                     : YES
RTL Output                         : Yes
Hierarchy Separator                : /
Bus Delimiter                      : <>
Case Specifier                     : maintain

---- Other Options
lso                                : BCDAdder.lso
verilog2001                        : YES
safe_implementation                : No
wysiwyg                            : NO

=========================================================================


=========================================================================
*                          HDL Compilation                              *
=========================================================================
Compiling vhdl file "C:/Projects/Xilinx Projects/Flip-Flop/Projects/BCDAdder/FullAdder.vhd" in Library work.
Architecture behavioral of Entity fulladder is up to date.
Compiling vhdl file "C:/Projects/Xilinx Projects/Flip-Flop/Projects/BCDAdder/RippleCarryAdder.vhd" in Library work.
Architecture behavioral of Entity ripplecarryadder is up to date.
Compiling vhdl file "C:/Projects/Xilinx Projects/Flip-Flop/Projects/BCDAdder/BCDAdder.vhd" in Library work.
Architecture behavioral of Entity bcdadder is up to date.

=========================================================================
*                            HDL Analysis                               *
=========================================================================
Analyzing Entity <BCDAdder> (Architecture <behavioral>).
WARNING:Xst:753 - "C:/Projects/Xilinx Projects/Flip-Flop/Projects/BCDAdder/BCDAdder.vhd" line 25: Unconnected output port 'CARRY' of component 'RippleCarryAdder'.
Entity <BCDAdder> analyzed. Unit <BCDAdder> generated.

Analyzing Entity <RippleCarryAdder> (Architecture <behavioral>).
Entity <RippleCarryAdder> analyzed. Unit <RippleCarryAdder> generated.

Analyzing Entity <FullAdder> (Architecture <behavioral>).
Entity <FullAdder> analyzed. Unit <FullAdder> generated.


=========================================================================
*                           HDL Synthesis                               *
=========================================================================

Synthesizing Unit <FullAdder>.
    Related source file is "C:/Projects/Xilinx Projects/Flip-Flop/Projects/BCDAdder/FullAdder.vhd".
    Found 1-bit xor3 for signal <SUM>.
Unit <FullAdder> synthesized.


Synthesizing Unit <RippleCarryAdder>.
    Related source file is "C:/Projects/Xilinx Projects/Flip-Flop/Projects/BCDAdder/RippleCarryAdder.vhd".
Unit <RippleCarryAdder> synthesized.


Synthesizing Unit <BCDAdder>.
    Related source file is "C:/Projects/Xilinx Projects/Flip-Flop/Projects/BCDAdder/BCDAdder.vhd".
Unit <BCDAdder> synthesized.


=========================================================================
HDL Synthesis Report

Macro Statistics
# Xors                                                 : 8
 1-bit xor3                                            : 8

=========================================================================

=========================================================================
*                       Advanced HDL Synthesis                          *
=========================================================================


=========================================================================
Advanced HDL Synthesis Report

Macro Statistics
# Xors                                                 : 8
 1-bit xor3                                            : 8

=========================================================================

=========================================================================
*                         Low Level Synthesis                           *
=========================================================================

Optimizing unit <BCDAdder> ...

Optimizing unit <FullAdder> ...

Optimizing unit <RippleCarryAdder> ...

=========================================================================
*                            Final Report                               *
=========================================================================
Final Results
RTL Top Level Output File Name     : BCDAdder.ngr
Top Level Output File Name         : BCDAdder
Output Format                      : NGC
Optimization Goal                  : Speed
Keep Hierarchy                     : YES
Target Technology                  : Automotive CoolRunner2
Macro Preserve                     : YES
XOR Preserve                       : YES
wysiwyg                            : NO

Design Statistics
# IOs                              : 13

Cell Usage :
# BELS                             : 24
#      AND2                        : 2
#      GND                         : 3
#      INV                         : 1
#      OR2                         : 1
#      OR3                         : 1
#      XOR2                        : 16
# IO Buffers                       : 13
#      IBUF                        : 8
#      OBUF                        : 5
=========================================================================
CPU : 2.42 / 3.31 s | Elapsed : 2.00 / 3.00 s
 
--> 

Total memory usage is 159216 kilobytes

Number of errors   :    0 (   0 filtered)
Number of warnings :    1 (   0 filtered)
Number of infos    :    0 (   0 filtered)

