AR demux1x4 behavioral "C:/Projects/Xilinx Projects/Flip-Flop/Projects/DeMUX/DEMUX1x4.vhd" sub00/vhpl01 1786621512
EN demux1x8wave NULL "C:/Projects/Xilinx Projects/Flip-Flop/Projects/DeMUX/DEMUX1x8Wave.ant" sub00/vhpl06 1786621000
EN demux1x4wave NULL "C:/Projects/Xilinx Projects/Flip-Flop/Projects/DeMUX/DEMUX1x4Wave.ant" sub00/vhpl02 1786620693
EN demux1x16wave NULL "C:/Projects/Xilinx Projects/Flip-Flop/Projects/DeMUX/DEMUX1x16Wave.ant" sub00/vhpl10 1786621555
AR demux1x16 structural "C:/Projects/Xilinx Projects/Flip-Flop/Projects/DeMUX/DEMUX1x16.vhd" sub00/vhpl09 1786621554
EN demux1x4 NULL "C:/Projects/Xilinx Projects/Flip-Flop/Projects/DeMUX/DEMUX1x4.vhd" sub00/vhpl00 1786621511
AR demux1x4wave testbench_arch "C:/Projects/Xilinx Projects/Flip-Flop/Projects/DeMUX/DEMUX1x4Wave.ant" sub00/vhpl03 1786620694
EN demux1x8 NULL "C:/Projects/Xilinx Projects/Flip-Flop/Projects/DeMUX/DEMUX1x8.vhd" sub00/vhpl04 1786620953
AR demux1x8wave testbench_arch "C:/Projects/Xilinx Projects/Flip-Flop/Projects/DeMUX/DEMUX1x8Wave.ant" sub00/vhpl07 1786621001
AR demux1x8 behavioral "C:/Projects/Xilinx Projects/Flip-Flop/Projects/DeMUX/DEMUX1x8.vhd" sub00/vhpl05 1786620954
AR demux1x16wave testbench_arch "C:/Projects/Xilinx Projects/Flip-Flop/Projects/DeMUX/DEMUX1x16Wave.ant" sub00/vhpl11 1786621556
EN demux1x16 NULL "C:/Projects/Xilinx Projects/Flip-Flop/Projects/DeMUX/DEMUX1x16.vhd" sub00/vhpl08 1786621553
