V3 11
FL "C:/Projects/Xilinx Projects/Flip-Flop/Projects/BCDAdder/FullAdder.vhd" 2026/08/27.14:11:45 I.24
EN work/FullAdder 1788374336 \
      FL "C:/Projects/Xilinx Projects/Flip-Flop/Projects/BCDAdder/FullAdder.vhd" \
      PB ieee/std_logic_1164 1131108373
AR work/FullAdder/Behavioral 1788374337 \
      FL "C:/Projects/Xilinx Projects/Flip-Flop/Projects/BCDAdder/FullAdder.vhd" \
      EN work/FullAdder 1788374336
FL "C:/Projects/Xilinx Projects/Flip-Flop/Projects/BCDAdder/BCDAdder.vhd" 2026/08/27.14:40:51 I.24
EN work/BCDAdder 1788374380 \
      FL "C:/Projects/Xilinx Projects/Flip-Flop/Projects/BCDAdder/BCDAdder.vhd" \
      PB ieee/std_logic_1164 1131108373
AR work/BCDAdder/Behavioral 1788374381 \
      FL "C:/Projects/Xilinx Projects/Flip-Flop/Projects/BCDAdder/BCDAdder.vhd" \
      EN work/BCDAdder 1788374380 CP work/RippleCarryAdder
FL "C:/Projects/Xilinx Projects/Flip-Flop/Projects/BCDAdder/RippleCarryAdder.vhd" 2026/08/27.14:12:06 I.24
EN work/RippleCarryAdder 1788374338 \
      FL "C:/Projects/Xilinx Projects/Flip-Flop/Projects/BCDAdder/RippleCarryAdder.vhd" \
      PB ieee/std_logic_1164 1131108373
AR work/RippleCarryAdder/Behavioral 1788374339 \
      FL "C:/Projects/Xilinx Projects/Flip-Flop/Projects/BCDAdder/RippleCarryAdder.vhd" \
      EN work/RippleCarryAdder 1788374338 CP work/FullAdder
