AR nandgate behavioral "C:/Projects/Xilinx Projects/Flip-Flop/Projects/universalGates/nandGate.vhd" sub00/vhpl01 1784375094
EN orusingnorwave NULL "C:/Projects/Xilinx Projects/Flip-Flop/Projects/universalGates/orUsingNorWave.ant" sub00/vhpl18 1784746055
AR notusingnorwave testbench_arch "C:/Projects/Xilinx Projects/Flip-Flop/Projects/universalGates/notUsingNorWave.ant" sub00/vhpl27 1785598866
EN orusingnand NULL "C:/Projects/Xilinx Projects/Flip-Flop/Projects/universalGates/orUsingNand.vhd" sub00/vhpl06 1784399639
EN andusingnand NULL "C:/Projects/Xilinx Projects/Flip-Flop/Projects/universalGates/andUsingNand.vhd" sub00/vhpl02 1785598842
AR norgate behavioral "C:/Projects/Xilinx Projects/Flip-Flop/Projects/universalGates/norGate.vhd" sub00/vhpl11 1784746035
EN andusingnorwave NULL "C:/Projects/Xilinx Projects/Flip-Flop/Projects/universalGates/andUsingNorWave.ant" sub00/vhpl14 1784746557
EN andusingnor NULL "C:/Projects/Xilinx Projects/Flip-Flop/Projects/universalGates/andUsingNor.vhd" sub00/vhpl12 1784746555
AR notusingnandwave testbench_arch "C:/Projects/Xilinx Projects/Flip-Flop/Projects/universalGates/notUsingNandWave.ant" sub00/vhpl23 1785598689
EN orusingnandwave NULL "C:/Projects/Xilinx Projects/Flip-Flop/Projects/universalGates/orUsingNandWave.ant" sub00/vhpl08 1784399641
AR andusingnand behavioral "C:/Projects/Xilinx Projects/Flip-Flop/Projects/universalGates/andUsingNand.vhd" sub00/vhpl03 1785598843
AR andusingnor behavioral "C:/Projects/Xilinx Projects/Flip-Flop/Projects/universalGates/andUsingNor.vhd" sub00/vhpl13 1784746556
AR orusingnor behavioral "C:/Projects/Xilinx Projects/Flip-Flop/Projects/universalGates/orUsingNor.vhd" sub00/vhpl17 1784746037
AR notusingnor behavioral "C:/Projects/Xilinx Projects/Flip-Flop/Projects/universalGates/notUsingNor.vhd" sub00/vhpl25 1785598864
EN notusingnand NULL "C:/Projects/Xilinx Projects/Flip-Flop/Projects/universalGates/notUsingNand.vhd" sub00/vhpl20 1785598660
AR andusingnandwave testbench_arch "C:/Projects/Xilinx Projects/Flip-Flop/Projects/universalGates/andUsingNandWave.ant" sub00/vhpl05 1785598845
EN orusingnor NULL "C:/Projects/Xilinx Projects/Flip-Flop/Projects/universalGates/orUsingNor.vhd" sub00/vhpl16 1784746036
AR orusingnand behavioral "C:/Projects/Xilinx Projects/Flip-Flop/Projects/universalGates/orUsingNand.vhd" sub00/vhpl07 1784399640
AR orusingnandwave testbench_arch "C:/Projects/Xilinx Projects/Flip-Flop/Projects/universalGates/orUsingNandWave.ant" sub00/vhpl09 1784399642
EN notusingnandwave NULL "C:/Projects/Xilinx Projects/Flip-Flop/Projects/universalGates/notUsingNandWave.ant" sub00/vhpl22 1785598688
AR orusingnorwave testbench_arch "C:/Projects/Xilinx Projects/Flip-Flop/Projects/universalGates/orUsingNorWave.ant" sub00/vhpl19 1784746056
AR notusingnand behavioral "C:/Projects/Xilinx Projects/Flip-Flop/Projects/universalGates/notUsingNand.vhd" sub00/vhpl21 1785598661
EN notusingnor NULL "C:/Projects/Xilinx Projects/Flip-Flop/Projects/universalGates/notUsingNor.vhd" sub00/vhpl24 1785598863
AR andusingnorwave testbench_arch "C:/Projects/Xilinx Projects/Flip-Flop/Projects/universalGates/andUsingNorWave.ant" sub00/vhpl15 1784746558
EN norgate NULL "C:/Projects/Xilinx Projects/Flip-Flop/Projects/universalGates/norGate.vhd" sub00/vhpl10 1784746034
EN andusingnandwave NULL "C:/Projects/Xilinx Projects/Flip-Flop/Projects/universalGates/andUsingNandWave.ant" sub00/vhpl04 1785598844
EN notusingnorwave NULL "C:/Projects/Xilinx Projects/Flip-Flop/Projects/universalGates/notUsingNorWave.ant" sub00/vhpl26 1785598865
EN nandgate NULL "C:/Projects/Xilinx Projects/Flip-Flop/Projects/universalGates/nandGate.vhd" sub00/vhpl00 1784375093
