AR nandgate behavioral "C:/Projects/Xilinx Projects/Flip-Flop/Projects/universalGates/nandGate.vhd" sub00/vhpl01 1784375094
EN orusingnorwave NULL "C:/Projects/Xilinx Projects/Flip-Flop/Projects/universalGates/orUsingNorWave.ant" sub00/vhpl18 1784746055
EN orusingnand NULL "C:/Projects/Xilinx Projects/Flip-Flop/Projects/universalGates/orUsingNand.vhd" sub00/vhpl06 1784399639
EN andusingnand NULL "C:/Projects/Xilinx Projects/Flip-Flop/Projects/universalGates/andUsingNand.vhd" sub00/vhpl02 1784375095
AR norgate behavioral "C:/Projects/Xilinx Projects/Flip-Flop/Projects/universalGates/norGate.vhd" sub00/vhpl11 1784746035
EN andusingnorwave NULL "C:/Projects/Xilinx Projects/Flip-Flop/Projects/universalGates/andUsingNorWave.ant" sub00/vhpl14 1784746557
EN andusingnor NULL "C:/Projects/Xilinx Projects/Flip-Flop/Projects/universalGates/andUsingNor.vhd" sub00/vhpl12 1784746555
EN orusingnandwave NULL "C:/Projects/Xilinx Projects/Flip-Flop/Projects/universalGates/orUsingNandWave.ant" sub00/vhpl08 1784399641
AR andusingnand behavioral "C:/Projects/Xilinx Projects/Flip-Flop/Projects/universalGates/andUsingNand.vhd" sub00/vhpl03 1784375096
AR andusingnor behavioral "C:/Projects/Xilinx Projects/Flip-Flop/Projects/universalGates/andUsingNor.vhd" sub00/vhpl13 1784746556
AR orusingnor behavioral "C:/Projects/Xilinx Projects/Flip-Flop/Projects/universalGates/orUsingNor.vhd" sub00/vhpl17 1784746037
AR andusingnandwave testbench_arch "C:/Projects/Xilinx Projects/Flip-Flop/Projects/universalGates/andUsingNandWave.ant" sub00/vhpl05 1784467428
EN orusingnor NULL "C:/Projects/Xilinx Projects/Flip-Flop/Projects/universalGates/orUsingNor.vhd" sub00/vhpl16 1784746036
AR orusingnand behavioral "C:/Projects/Xilinx Projects/Flip-Flop/Projects/universalGates/orUsingNand.vhd" sub00/vhpl07 1784399640
AR orusingnandwave testbench_arch "C:/Projects/Xilinx Projects/Flip-Flop/Projects/universalGates/orUsingNandWave.ant" sub00/vhpl09 1784399642
AR orusingnorwave testbench_arch "C:/Projects/Xilinx Projects/Flip-Flop/Projects/universalGates/orUsingNorWave.ant" sub00/vhpl19 1784746056
AR andusingnorwave testbench_arch "C:/Projects/Xilinx Projects/Flip-Flop/Projects/universalGates/andUsingNorWave.ant" sub00/vhpl15 1784746558
EN norgate NULL "C:/Projects/Xilinx Projects/Flip-Flop/Projects/universalGates/norGate.vhd" sub00/vhpl10 1784746034
EN andusingnandwave NULL "C:/Projects/Xilinx Projects/Flip-Flop/Projects/universalGates/andUsingNandWave.ant" sub00/vhpl04 1784467427
EN nandgate NULL "C:/Projects/Xilinx Projects/Flip-Flop/Projects/universalGates/nandGate.vhd" sub00/vhpl00 1784375093
