EN decoder3to8 NULL "C:/Projects/Xilinx Projects/Flip-Flop/Projects/EncoderDecoder/Decoder8to3.vhd" sub00/vhpl04 1787225401
EN encoder8to3wave NULL "C:/Projects/Xilinx Projects/Flip-Flop/Projects/EncoderDecoder/Encoder8to3Wave.ant" sub00/vhpl02 1787225200
AR encoder8to3 dataflow "C:/Projects/Xilinx Projects/Flip-Flop/Projects/EncoderDecoder/Encoder8to3.vhd" sub00/vhpl01 1787225199
AR decoder3to8 dataflow "C:/Projects/Xilinx Projects/Flip-Flop/Projects/EncoderDecoder/Decoder8to3.vhd" sub00/vhpl05 1787225402
EN decoder3to8wave NULL "C:/Projects/Xilinx Projects/Flip-Flop/Projects/EncoderDecoder/Decoder3to8Wave.ant" sub00/vhpl06 1787225403
AR decoder3to8wave testbench_arch "C:/Projects/Xilinx Projects/Flip-Flop/Projects/EncoderDecoder/Decoder3to8Wave.ant" sub00/vhpl07 1787225404
AR encoder8to3wave testbench_arch "C:/Projects/Xilinx Projects/Flip-Flop/Projects/EncoderDecoder/Encoder8to3Wave.ant" sub00/vhpl03 1787225201
EN encoder8to3 NULL "C:/Projects/Xilinx Projects/Flip-Flop/Projects/EncoderDecoder/Encoder8to3.vhd" sub00/vhpl00 1787225198
