AR comparator2bit behavioral "C:/Projects/Xilinx Projects/Flip-Flop/Projects/Comparator/Comparator2Bit.vhd" sub00/vhpl01 1787225578
EN comparator2bit NULL "C:/Projects/Xilinx Projects/Flip-Flop/Projects/Comparator/Comparator2Bit.vhd" sub00/vhpl00 1787225577
AR comparator2bitwave testbench_arch "C:/Projects/Xilinx Projects/Flip-Flop/Projects/Comparator/Comparator2BitWave.ant" sub00/vhpl03 1787225580
EN comparator2bitwave NULL "C:/Projects/Xilinx Projects/Flip-Flop/Projects/Comparator/Comparator2BitWave.ant" sub00/vhpl02 1787225579
