AR mux16x1using2x1 behavioral "C:/Projects/Xilinx Projects/Flip-Flop/Projects/Multiplexer8x1/MUX16x1using2x1.vhd" sub00/vhpl11 1785750048
EN mux8x1using2x1 NULL "C:/Projects/Xilinx Projects/Flip-Flop/Projects/Multiplexer8x1&16x1/MUX8x1using2x1.vhd" sub00/vhpl04 1785760786
AR mux8x1using2x1 behavioral "C:/Projects/Xilinx Projects/Flip-Flop/Projects/Multiplexer8x1&16x1/MUX8x1using2x1.vhd" sub00/vhpl05 1785760787
EN mux2x1 NULL "C:/Projects/Xilinx Projects/Flip-Flop/Projects/Multiplexer8x1&16x1/MUX2x1.vhd" sub00/vhpl02 1785760784
EN mux8x1using4x1 NULL "C:/Projects/Xilinx Projects/Flip-Flop/Projects/Multiplexer8x1&16x1/MUX8x1using4x1.vhd" sub00/vhpl06 1785760567
EN mux16x1using2x1 NULL "C:/Projects/Xilinx Projects/Flip-Flop/Projects/Multiplexer8x1/MUX16x1using2x1.vhd" sub00/vhpl10 1785750047
AR mux8x1using4x1 behavioral "C:/Projects/Xilinx Projects/Flip-Flop/Projects/Multiplexer8x1&16x1/MUX8x1using4x1.vhd" sub00/vhpl07 1785760568
EN mux4x1 NULL "C:/Projects/Xilinx Projects/Flip-Flop/Projects/Multiplexer8x1&16x1/4x1MUX.vhd" sub00/vhpl00 1785760565
AR mux2x1 behavioral "C:/Projects/Xilinx Projects/Flip-Flop/Projects/Multiplexer8x1&16x1/MUX2x1.vhd" sub00/vhpl03 1785760785
EN mux16x1using4x1 NULL "C:/Projects/Xilinx Projects/Flip-Flop/Projects/Multiplexer8x1&16x1/MUX16x1using4x1.vhd" sub00/vhpl08 1785760456
AR mux4x1 behavioral "C:/Projects/Xilinx Projects/Flip-Flop/Projects/Multiplexer8x1&16x1/4x1MUX.vhd" sub00/vhpl01 1785760566
AR mux16x1using4x1 behavioral "C:/Projects/Xilinx Projects/Flip-Flop/Projects/Multiplexer8x1&16x1/MUX16x1using4x1.vhd" sub00/vhpl09 1785760457
