V3 20
FL "C:/Projects/Xilinx Projects/Flip-Flop/Projects/Multiplexer8x1&16x1/MUX8x1using2x1.vhd" 2026/08/03.10:28:25 I.24
EN work/MUX8x1using2x1 1785760786 \
      FL "C:/Projects/Xilinx Projects/Flip-Flop/Projects/Multiplexer8x1&16x1/MUX8x1using2x1.vhd" \
      PB ieee/std_logic_1164 1131108373
AR work/MUX8x1using2x1/Behavioral 1785760787 \
      FL "C:/Projects/Xilinx Projects/Flip-Flop/Projects/Multiplexer8x1&16x1/MUX8x1using2x1.vhd" \
      EN work/MUX8x1using2x1 1785760786 CP work/MUX2x1
FL "C:/Projects/Xilinx Projects/Flip-Flop/Projects/Multiplexer8x1&16x1/MUX2x1.vhd" 2026/08/02.15:03:33 I.24
EN work/MUX2x1 1785760784 \
      FL "C:/Projects/Xilinx Projects/Flip-Flop/Projects/Multiplexer8x1&16x1/MUX2x1.vhd" \
      PB ieee/std_logic_1164 1131108373
AR work/MUX2x1/Behavioral 1785760785 \
      FL "C:/Projects/Xilinx Projects/Flip-Flop/Projects/Multiplexer8x1&16x1/MUX2x1.vhd" \
      EN work/MUX2x1 1785760784
FL "C:/Projects/Xilinx Projects/Flip-Flop/Projects/Multiplexer8x1&16x1/MUX16x1using4x1.vhd" 2026/08/03.10:08:42 I.24
EN work/MUX16x1using4x1 1785760456 \
      FL "C:/Projects/Xilinx Projects/Flip-Flop/Projects/Multiplexer8x1&16x1/MUX16x1using4x1.vhd" \
      PB ieee/std_logic_1164 1131108373
AR work/MUX16x1using4x1/Behavioral 1785760457 \
      FL "C:/Projects/Xilinx Projects/Flip-Flop/Projects/Multiplexer8x1&16x1/MUX16x1using4x1.vhd" \
      EN work/MUX16x1using4x1 1785760456 CP work/MUX4x1
FL "C:/Projects/Xilinx Projects/Flip-Flop/Projects/Multiplexer8x1&16x1/MUX8x1using4x1.vhd" 2026/08/03.10:23:02 I.24
EN work/MUX8x1using4x1 1785760567 \
      FL "C:/Projects/Xilinx Projects/Flip-Flop/Projects/Multiplexer8x1&16x1/MUX8x1using4x1.vhd" \
      PB ieee/std_logic_1164 1131108373
AR work/MUX8x1using4x1/Behavioral 1785760568 \
      FL "C:/Projects/Xilinx Projects/Flip-Flop/Projects/Multiplexer8x1&16x1/MUX8x1using4x1.vhd" \
      EN work/MUX8x1using4x1 1785760567 CP work/MUX4x1
FL "C:/Projects/Xilinx Projects/Flip-Flop/Projects/Multiplexer8x1&16x1/4x1MUX.vhd" 2026/08/02.15:01:58 I.24
EN work/MUX4x1 1785760565 \
      FL "C:/Projects/Xilinx Projects/Flip-Flop/Projects/Multiplexer8x1&16x1/4x1MUX.vhd" \
      PB ieee/std_logic_1164 1131108373
AR work/MUX4x1/Behavioral 1785760566 \
      FL "C:/Projects/Xilinx Projects/Flip-Flop/Projects/Multiplexer8x1&16x1/4x1MUX.vhd" \
      EN work/MUX4x1 1785760565
FL "C:/Projects/Xilinx Projects/Flip-Flop/Projects/Multiplexer8x1/MUX16x1using2x1.vhd" 2026/08/03.10:44:13 I.24
EN work/MUX16x1using2x1 1785750047 \
      FL "C:/Projects/Xilinx Projects/Flip-Flop/Projects/Multiplexer8x1/MUX16x1using2x1.vhd" \
      PB ieee/std_logic_1164 1131108373
AR work/MUX16x1using2x1/Behavioral 1785750048 \
      FL "C:/Projects/Xilinx Projects/Flip-Flop/Projects/Multiplexer8x1/MUX16x1using2x1.vhd" \
      EN work/MUX16x1using2x1 1785750047 CP work/MUX2x1
