AR demux1x4 behavioral "C:/Projects/Xilinx Projects/Flip-Flop/Projects/DeMUX/DEMUX1x4.vhd" sub00/vhpl01 1787165267
AR demux1x16 structural "C:/Projects/Xilinx Projects/Flip-Flop/Projects/DeMUX/DEMUX1x16.vhd" sub00/vhpl05 1787165626
EN demux1x4 NULL "C:/Projects/Xilinx Projects/Flip-Flop/Projects/DeMUX/DEMUX1x4.vhd" sub00/vhpl00 1787165266
EN demux1x8 NULL "C:/Projects/Xilinx Projects/Flip-Flop/Projects/DeMUX/DEMUX1x8.vhd" sub00/vhpl02 1787165604
AR demux1x8 behavioral "C:/Projects/Xilinx Projects/Flip-Flop/Projects/DeMUX/DEMUX1x8.vhd" sub00/vhpl03 1786621004
AR demux1x8 structural "C:/Projects/Xilinx Projects/Flip-Flop/Projects/DeMUX/DEMUX1x8.vhd" sub00/vhpl06 1787165605
EN demux1x16 NULL "C:/Projects/Xilinx Projects/Flip-Flop/Projects/DeMUX/DEMUX1x16.vhd" sub00/vhpl04 1787165625
