V3 10
FL "C:/Projects/Xilinx Projects/Flip-Flop/Projects/DeMUX/DEMUX1x8.vhd" 2026/08/20.00:19:46 I.24
EN work/DEMUX1x8 1787165604 \
      FL "C:/Projects/Xilinx Projects/Flip-Flop/Projects/DeMUX/DEMUX1x8.vhd" \
      PB ieee/std_logic_1164 1131108373
AR work/DEMUX1x8/Structural 1787165605 \
      FL "C:/Projects/Xilinx Projects/Flip-Flop/Projects/DeMUX/DEMUX1x8.vhd" \
      EN work/DEMUX1x8 1787165604 CP work/DEMUX1x4
FL "C:/Projects/Xilinx Projects/Flip-Flop/Projects/DeMUX/DEMUX1x4.vhd" 2026/08/13.17:08:17 I.24
EN work/DEMUX1x4 1787165266 \
      FL "C:/Projects/Xilinx Projects/Flip-Flop/Projects/DeMUX/DEMUX1x4.vhd" \
      PB ieee/std_logic_1164 1131108373
AR work/DEMUX1x4/Behavioral 1787165267 \
      FL "C:/Projects/Xilinx Projects/Flip-Flop/Projects/DeMUX/DEMUX1x4.vhd" \
      EN work/DEMUX1x4 1787165266
FL "C:/Projects/Xilinx Projects/Flip-Flop/Projects/DeMUX/DEMUX1x16.vhd" 2026/08/13.17:15:45 I.24
EN work/DEMUX1x16 1787165625 \
      FL "C:/Projects/Xilinx Projects/Flip-Flop/Projects/DeMUX/DEMUX1x16.vhd" \
      PB ieee/std_logic_1164 1131108373
AR work/DEMUX1x16/Structural 1787165626 \
      FL "C:/Projects/Xilinx Projects/Flip-Flop/Projects/DeMUX/DEMUX1x16.vhd" \
      EN work/DEMUX1x16 1787165625 CP work/DEMUX1x4
