Release 8.1i - xst I.24
Copyright (c) 1995-2005 Xilinx, Inc.  All rights reserved.
--> Parameter TMPDIR set to ./xst/projnav.tmp
CPU : 0.00 / 0.12 s | Elapsed : 0.00 / 1.00 s
 
--> Parameter xsthdpdir set to ./xst
CPU : 0.00 / 0.13 s | Elapsed : 0.00 / 1.00 s
 
--> Reading design: Decoder3to8.prj

TABLE OF CONTENTS
  1) Synthesis Options Summary
  2) HDL Compilation
  3) HDL Analysis
  4) HDL Synthesis
     4.1) HDL Synthesis Report
  5) Advanced HDL Synthesis
     5.1) Advanced HDL Synthesis Report
  6) Low Level Synthesis
  7) Final Report

=========================================================================
*                      Synthesis Options Summary                        *
=========================================================================
---- Source Parameters
Input File Name                    : "Decoder3to8.prj"
Input Format                       : mixed
Ignore Synthesis Constraint File   : NO

---- Target Parameters
Output File Name                   : "Decoder3to8"
Output Format                      : NGC
Target Device                      : Automotive CoolRunner2

---- Source Options
Top Module Name                    : Decoder3to8
Automatic FSM Extraction           : YES
FSM Encoding Algorithm             : Auto
Mux Extraction                     : YES
Resource Sharing                   : YES

---- Target Options
Add IO Buffers                     : YES
MACRO Preserve                     : YES
XOR Preserve                       : YES
Equivalent register Removal        : YES

---- General Options
Optimization Goal                  : Speed
Optimization Effort                : 1
Keep Hierarchy                     : YES
RTL Output                         : Yes
Hierarchy Separator                : /
Bus Delimiter                      : <>
Case Specifier                     : maintain

---- Other Options
lso                                : Decoder3to8.lso
verilog2001                        : YES
safe_implementation                : No
wysiwyg                            : NO

=========================================================================


=========================================================================
*                          HDL Compilation                              *
=========================================================================
Compiling vhdl file "C:/Projects/Xilinx Projects/Flip-Flop/Projects/EncoderDecoder/Decoder8to3.vhd" in Library work.
Architecture dataflow of Entity decoder3to8 is up to date.

=========================================================================
*                            HDL Analysis                               *
=========================================================================
Analyzing Entity <Decoder3to8> (Architecture <dataflow>).
INFO:Xst:1561 - "C:/Projects/Xilinx Projects/Flip-Flop/Projects/EncoderDecoder/Decoder8to3.vhd" line 22: Mux is complete : default of case is discarded
Entity <Decoder3to8> analyzed. Unit <Decoder3to8> generated.


=========================================================================
*                           HDL Synthesis                               *
=========================================================================

Synthesizing Unit <Decoder3to8>.
    Related source file is "C:/Projects/Xilinx Projects/Flip-Flop/Projects/EncoderDecoder/Decoder8to3.vhd".
    Found 8x8-bit ROM for signal <O>.
    Summary:
	inferred   1 ROM(s).
Unit <Decoder3to8> synthesized.


=========================================================================
HDL Synthesis Report

Macro Statistics
# ROMs                                                 : 1
 8x8-bit ROM                                           : 1

=========================================================================

=========================================================================
*                       Advanced HDL Synthesis                          *
=========================================================================


=========================================================================
Advanced HDL Synthesis Report

Macro Statistics
# ROMs                                                 : 1
 8x8-bit ROM                                           : 1

=========================================================================

=========================================================================
*                         Low Level Synthesis                           *
=========================================================================

Optimizing unit <Decoder3to8> ...

=========================================================================
*                            Final Report                               *
=========================================================================
Final Results
RTL Top Level Output File Name     : Decoder3to8.ngr
Top Level Output File Name         : Decoder3to8
Output Format                      : NGC
Optimization Goal                  : Speed
Keep Hierarchy                     : YES
Target Technology                  : Automotive CoolRunner2
Macro Preserve                     : YES
XOR Preserve                       : YES
wysiwyg                            : NO

Design Statistics
# IOs                              : 11

Cell Usage :
# BELS                             : 23
#      AND2                        : 6
#      AND3                        : 5
#      INV                         : 12
# IO Buffers                       : 11
#      IBUF                        : 3
#      OBUF                        : 8
=========================================================================
CPU : 1.48 / 1.61 s | Elapsed : 1.00 / 2.00 s
 
--> 

Total memory usage is 158220 kilobytes

Number of errors   :    0 (   0 filtered)
Number of warnings :    0 (   0 filtered)
Number of infos    :    1 (   0 filtered)

