Release 8.1i - xst I.24
Copyright (c) 1995-2005 Xilinx, Inc.  All rights reserved.
--> Parameter TMPDIR set to ./xst/projnav.tmp
CPU : 0.00 / 0.13 s | Elapsed : 0.00 / 0.00 s
 
--> Parameter xsthdpdir set to ./xst
CPU : 0.00 / 0.13 s | Elapsed : 0.00 / 0.00 s
 
--> Reading design: MUX16x1using4x1.prj

TABLE OF CONTENTS
  1) Synthesis Options Summary
  2) HDL Compilation
  3) HDL Analysis
  4) HDL Synthesis
     4.1) HDL Synthesis Report
  5) Advanced HDL Synthesis
     5.1) Advanced HDL Synthesis Report
  6) Low Level Synthesis
  7) Final Report

=========================================================================
*                      Synthesis Options Summary                        *
=========================================================================
---- Source Parameters
Input File Name                    : "MUX16x1using4x1.prj"
Input Format                       : mixed
Ignore Synthesis Constraint File   : NO

---- Target Parameters
Output File Name                   : "MUX16x1using4x1"
Output Format                      : NGC
Target Device                      : Automotive CoolRunner2

---- Source Options
Top Module Name                    : MUX16x1using4x1
Automatic FSM Extraction           : YES
FSM Encoding Algorithm             : Auto
Mux Extraction                     : YES
Resource Sharing                   : YES

---- Target Options
Add IO Buffers                     : YES
MACRO Preserve                     : YES
XOR Preserve                       : YES
Equivalent register Removal        : YES

---- General Options
Optimization Goal                  : Speed
Optimization Effort                : 1
Keep Hierarchy                     : YES
RTL Output                         : Yes
Hierarchy Separator                : /
Bus Delimiter                      : <>
Case Specifier                     : maintain

---- Other Options
lso                                : MUX16x1using4x1.lso
verilog2001                        : YES
safe_implementation                : No
wysiwyg                            : NO

=========================================================================


=========================================================================
*                          HDL Compilation                              *
=========================================================================
Compiling vhdl file "C:/Projects/Xilinx Projects/Flip-Flop/Projects/Multiplexer8x1/4x1MUX.vhd" in Library work.
Architecture behavioral of Entity mux4x1 is up to date.
Compiling vhdl file "C:/Projects/Xilinx Projects/Flip-Flop/Projects/Multiplexer8x1/MUX16x1using4x1.vhd" in Library work.
Architecture behavioral of Entity mux16x1using4x1 is up to date.

=========================================================================
*                            HDL Analysis                               *
=========================================================================
Analyzing Entity <MUX16x1using4x1> (Architecture <behavioral>).
Entity <MUX16x1using4x1> analyzed. Unit <MUX16x1using4x1> generated.

Analyzing Entity <MUX4x1> (Architecture <behavioral>).
Entity <MUX4x1> analyzed. Unit <MUX4x1> generated.


=========================================================================
*                           HDL Synthesis                               *
=========================================================================

Synthesizing Unit <MUX4x1>.
    Related source file is "C:/Projects/Xilinx Projects/Flip-Flop/Projects/Multiplexer8x1/4x1MUX.vhd".
    Found 1-bit 4-to-1 multiplexer for signal <Y>.
Unit <MUX4x1> synthesized.


Synthesizing Unit <MUX16x1using4x1>.
    Related source file is "C:/Projects/Xilinx Projects/Flip-Flop/Projects/Multiplexer8x1/MUX16x1using4x1.vhd".
WARNING:Xst:647 - Input <S<3>> is never used.
Unit <MUX16x1using4x1> synthesized.


=========================================================================
HDL Synthesis Report

Macro Statistics
# Multiplexers                                         : 5
 1-bit 4-to-1 multiplexer                              : 5

=========================================================================

=========================================================================
*                       Advanced HDL Synthesis                          *
=========================================================================

WARNING:Xst:1290 - Hierarchical block <L0M2> is unconnected in block <MUX16x1using4x1>.
   It will be removed from the design.
WARNING:Xst:1290 - Hierarchical block <L0M3> is unconnected in block <MUX16x1using4x1>.
   It will be removed from the design.

=========================================================================
Advanced HDL Synthesis Report

Macro Statistics
# Multiplexers                                         : 5
 1-bit 4-to-1 multiplexer                              : 5

=========================================================================

=========================================================================
*                         Low Level Synthesis                           *
=========================================================================
WARNING:Xst:1355 - Unit MUX4x1 is merged (low complexity)

Optimizing unit <MUX16x1using4x1> ...

=========================================================================
*                            Final Report                               *
=========================================================================
Final Results
RTL Top Level Output File Name     : MUX16x1using4x1.ngr
Top Level Output File Name         : MUX16x1using4x1
Output Format                      : NGC
Optimization Goal                  : Speed
Keep Hierarchy                     : YES
Target Technology                  : Automotive CoolRunner2
Macro Preserve                     : YES
XOR Preserve                       : YES
wysiwyg                            : NO

Design Statistics
# IOs                              : 21

Cell Usage :
# BELS                             : 28
#      AND2                        : 14
#      INV                         : 7
#      OR2                         : 7
# IO Buffers                       : 12
#      IBUF                        : 11
#      OBUF                        : 1
=========================================================================
CPU : 1.44 / 1.57 s | Elapsed : 1.00 / 1.00 s
 
--> 

Total memory usage is 157984 kilobytes

Number of errors   :    0 (   0 filtered)
Number of warnings :    4 (   0 filtered)
Number of infos    :    0 (   0 filtered)

