Release 8.1i - xst I.24
Copyright (c) 1995-2005 Xilinx, Inc.  All rights reserved.
--> Parameter TMPDIR set to ./xst/projnav.tmp
CPU : 0.00 / 0.15 s | Elapsed : 0.00 / 0.00 s
 
--> Parameter xsthdpdir set to ./xst
CPU : 0.00 / 0.15 s | Elapsed : 0.00 / 0.00 s
 
--> Reading design: MUX8x1using2x1.prj

TABLE OF CONTENTS
  1) Synthesis Options Summary
  2) HDL Compilation
  3) HDL Analysis
  4) HDL Synthesis
     4.1) HDL Synthesis Report
  5) Advanced HDL Synthesis
     5.1) Advanced HDL Synthesis Report
  6) Low Level Synthesis
  7) Final Report

=========================================================================
*                      Synthesis Options Summary                        *
=========================================================================
---- Source Parameters
Input File Name                    : "MUX8x1using2x1.prj"
Input Format                       : mixed
Ignore Synthesis Constraint File   : NO

---- Target Parameters
Output File Name                   : "MUX8x1using2x1"
Output Format                      : NGC
Target Device                      : Automotive CoolRunner2

---- Source Options
Top Module Name                    : MUX8x1using2x1
Automatic FSM Extraction           : YES
FSM Encoding Algorithm             : Auto
Mux Extraction                     : YES
Resource Sharing                   : YES

---- Target Options
Add IO Buffers                     : YES
MACRO Preserve                     : YES
XOR Preserve                       : YES
Equivalent register Removal        : YES

---- General Options
Optimization Goal                  : Speed
Optimization Effort                : 1
Keep Hierarchy                     : YES
RTL Output                         : Yes
Hierarchy Separator                : /
Bus Delimiter                      : <>
Case Specifier                     : maintain

---- Other Options
lso                                : MUX8x1using2x1.lso
verilog2001                        : YES
safe_implementation                : No
wysiwyg                            : NO

=========================================================================


=========================================================================
*                          HDL Compilation                              *
=========================================================================
WARNING:HDLParsers:3215 - Unit work/MUX2x1 is now defined in a different file: was C:/Projects/Xilinx Projects/Flip-Flop/Projects/Multiplexer8x1/MUX2x1.vhd, now is C:/Projects/Xilinx Projects/Flip-Flop/Projects/Multiplexer8x1&16x1/MUX2x1.vhd
WARNING:HDLParsers:3215 - Unit work/MUX2x1/Behavioral is now defined in a different file: was C:/Projects/Xilinx Projects/Flip-Flop/Projects/Multiplexer8x1/MUX2x1.vhd, now is C:/Projects/Xilinx Projects/Flip-Flop/Projects/Multiplexer8x1&16x1/MUX2x1.vhd
Compiling vhdl file "C:/Projects/Xilinx Projects/Flip-Flop/Projects/Multiplexer8x1&16x1/MUX2x1.vhd" in Library work.
Architecture behavioral of Entity mux2x1 is up to date.
Compiling vhdl file "C:/Projects/Xilinx Projects/Flip-Flop/Projects/Multiplexer8x1&16x1/MUX8x1using2x1.vhd" in Library work.
Architecture behavioral of Entity mux8x1using2x1 is up to date.

=========================================================================
*                            HDL Analysis                               *
=========================================================================
Analyzing Entity <MUX8x1using2x1> (Architecture <behavioral>).
Entity <MUX8x1using2x1> analyzed. Unit <MUX8x1using2x1> generated.

Analyzing Entity <MUX2x1> (Architecture <behavioral>).
Entity <MUX2x1> analyzed. Unit <MUX2x1> generated.


=========================================================================
*                           HDL Synthesis                               *
=========================================================================

Synthesizing Unit <MUX2x1>.
    Related source file is "C:/Projects/Xilinx Projects/Flip-Flop/Projects/Multiplexer8x1&16x1/MUX2x1.vhd".
Unit <MUX2x1> synthesized.


Synthesizing Unit <MUX8x1using2x1>.
    Related source file is "C:/Projects/Xilinx Projects/Flip-Flop/Projects/Multiplexer8x1&16x1/MUX8x1using2x1.vhd".
Unit <MUX8x1using2x1> synthesized.


=========================================================================
HDL Synthesis Report

Found no macro
=========================================================================

=========================================================================
*                       Advanced HDL Synthesis                          *
=========================================================================


=========================================================================
Advanced HDL Synthesis Report

Found no macro
=========================================================================

=========================================================================
*                         Low Level Synthesis                           *
=========================================================================
WARNING:Xst:1355 - Unit MUX2x1 is merged (low complexity)

Optimizing unit <MUX8x1using2x1> ...

=========================================================================
*                            Final Report                               *
=========================================================================
Final Results
RTL Top Level Output File Name     : MUX8x1using2x1.ngr
Top Level Output File Name         : MUX8x1using2x1
Output Format                      : NGC
Optimization Goal                  : Speed
Keep Hierarchy                     : YES
Target Technology                  : Automotive CoolRunner2
Macro Preserve                     : YES
XOR Preserve                       : YES
wysiwyg                            : NO

Design Statistics
# IOs                              : 12

Cell Usage :
# BELS                             : 28
#      AND2                        : 14
#      INV                         : 7
#      OR2                         : 7
# IO Buffers                       : 12
#      IBUF                        : 11
#      OBUF                        : 1
=========================================================================
CPU : 1.67 / 1.82 s | Elapsed : 2.00 / 2.00 s
 
--> 

Total memory usage is 157920 kilobytes

Number of errors   :    0 (   0 filtered)
Number of warnings :    3 (   0 filtered)
Number of infos    :    0 (   0 filtered)

