EN mux4x1usingcase NULL "C:/Projects/Xilinx Projects/Flip-Flop/Projects/Multiplixer4x1/mux4x1UsingCase.vhd" sub00/vhpl04 1785662886
AR mux4x1usingselect behavioral "C:/Projects/Xilinx Projects/Flip-Flop/Projects/Multiplixer4x1/mux4x1usingSelect.vhd" sub00/vhpl03 1785760139
AR mux4x1usingconditional behavioral "C:/Projects/Xilinx Projects/Flip-Flop/Projects/Multiplixer4x1/mux4x1UsingConditional.vhd" sub00/vhpl07 1785662865
EN mux4x1 NULL "C:/Projects/Xilinx Projects/Flip-Flop/Projects/Multiplixer4x1/mux4x1.vhd" sub00/vhpl00 1785760110
AR mux4x1usingcase behavioral "C:/Projects/Xilinx Projects/Flip-Flop/Projects/Multiplixer4x1/mux4x1UsingCase.vhd" sub00/vhpl05 1785662887
EN mux4x1usingconditional NULL "C:/Projects/Xilinx Projects/Flip-Flop/Projects/Multiplixer4x1/mux4x1UsingConditional.vhd" sub00/vhpl06 1785662864
EN mux4x1usingselect NULL "C:/Projects/Xilinx Projects/Flip-Flop/Projects/Multiplixer4x1/mux4x1usingSelect.vhd" sub00/vhpl02 1785760138
AR mux4x1 behavioral "C:/Projects/Xilinx Projects/Flip-Flop/Projects/Multiplixer4x1/mux4x1.vhd" sub00/vhpl01 1785760111
