AR addersubtractor behavioral "C:/Projects/Xilinx Projects/Flip-Flop/Projects/AdderSubtractor/AdderSubtractor.vhd" sub00/vhpl03 1788416338
EN addersubtractorwave NULL "C:/Projects/Xilinx Projects/Flip-Flop/Projects/AdderSubtractor/AdderSubtractorWave.ant" sub00/vhpl04 1789765512
EN fulladder NULL "C:/Projects/Xilinx Projects/Flip-Flop/Projects/AdderSubtractor/FullAdder.vhd" sub00/vhpl00 1788415847
EN addersubtractor NULL "C:/Projects/Xilinx Projects/Flip-Flop/Projects/AdderSubtractor/AdderSubtractor.vhd" sub00/vhpl02 1788416337
AR fulladder dataflow "C:/Projects/Xilinx Projects/Flip-Flop/Projects/AdderSubtractor/FullAdder.vhd" sub00/vhpl01 1788415848
AR addersubtractorwave testbench_arch "C:/Projects/Xilinx Projects/Flip-Flop/Projects/AdderSubtractor/AdderSubtractorWave.ant" sub00/vhpl05 1789765513
