AR mux16x1using2x1 behavioral "C:/Projects/Xilinx Projects/Flip-Flop/Projects/Multiplexer8x1/MUX16x1using2x1.vhd" sub00/vhpl17 1785734284
EN mux8x1using2x1 NULL "C:/Projects/Xilinx Projects/Flip-Flop/Projects/Multiplexer8x1/MUX8x1using2x1.vhd" sub00/vhpl02 1785733114
AR mux16x1using4x1wave testbench_arch "C:/Projects/Xilinx Projects/Flip-Flop/Projects/Multiplexer8x1/MUX16x1using4x1Wave.ant" sub00/vhpl15 1785733126
AR mux8x1using2x1 behavioral "C:/Projects/Xilinx Projects/Flip-Flop/Projects/Multiplexer8x1/MUX8x1using2x1.vhd" sub00/vhpl03 1785733115
AR mux8x1using2x1wave testbench_arch "C:/Projects/Xilinx Projects/Flip-Flop/Projects/Multiplexer8x1/MUX8x1using2x1Wave.ant" sub00/vhpl05 1785733117
EN mux2x1 NULL "C:/Projects/Xilinx Projects/Flip-Flop/Projects/Multiplexer8x1/MUX2x1.vhd" sub00/vhpl00 1785729337
EN mux16x1using4x1wave NULL "C:/Projects/Xilinx Projects/Flip-Flop/Projects/Multiplexer8x1/MUX16x1using4x1Wave.ant" sub00/vhpl14 1785733125
EN mux16x1using2x1wave NULL "C:/Projects/Xilinx Projects/Flip-Flop/Projects/Multiplexer8x1/MUX16x1using2x1Wave.ant" sub00/vhpl18 1785734285
EN mux8x1using4x1 NULL "C:/Projects/Xilinx Projects/Flip-Flop/Projects/Multiplexer8x1/MUX8x1using4x1.vhd" sub00/vhpl08 1785732995
EN mux16x1using2x1 NULL "C:/Projects/Xilinx Projects/Flip-Flop/Projects/Multiplexer8x1/MUX16x1using2x1.vhd" sub00/vhpl16 1785734283
EN mux8x1using4x1wave NULL "C:/Projects/Xilinx Projects/Flip-Flop/Projects/Multiplexer8x1/MUX8x1using4x1Wave.ant" sub00/vhpl10 1785732997
EN mux4x1 NULL "C:/Projects/Xilinx Projects/Flip-Flop/Projects/Multiplexer8x1/4x1MUX.vhd" sub00/vhpl06 1785729997
AR mux8x1using4x1 behavioral "C:/Projects/Xilinx Projects/Flip-Flop/Projects/Multiplexer8x1/MUX8x1using4x1.vhd" sub00/vhpl09 1785732996
AR mux2x1 behavioral "C:/Projects/Xilinx Projects/Flip-Flop/Projects/Multiplexer8x1/MUX2x1.vhd" sub00/vhpl01 1785729338
AR mux16x1using2x1wave testbench_arch "C:/Projects/Xilinx Projects/Flip-Flop/Projects/Multiplexer8x1/MUX16x1using2x1Wave.ant" sub00/vhpl19 1785734286
EN mux8x1using2x1wave NULL "C:/Projects/Xilinx Projects/Flip-Flop/Projects/Multiplexer8x1/MUX8x1using2x1Wave.ant" sub00/vhpl04 1785733116
EN mux16x1using4x1 NULL "C:/Projects/Xilinx Projects/Flip-Flop/Projects/Multiplexer8x1/MUX16x1using4x1.vhd" sub00/vhpl12 1785731958
AR mux8x1using4x1wave testbench_arch "C:/Projects/Xilinx Projects/Flip-Flop/Projects/Multiplexer8x1/MUX8x1using4x1Wave.ant" sub00/vhpl11 1785732998
AR mux4x1 behavioral "C:/Projects/Xilinx Projects/Flip-Flop/Projects/Multiplexer8x1/4x1MUX.vhd" sub00/vhpl07 1785729998
AR mux16x1using4x1 behavioral "C:/Projects/Xilinx Projects/Flip-Flop/Projects/Multiplexer8x1/MUX16x1using4x1.vhd" sub00/vhpl13 1785731959
