V3 36
FL "C:/Projects/Xilinx Projects/Flip-Flop/Projects/Multiplexer8x1/MUX8x1using2x1.vhd" 2026/08/03.10:28:25 I.24
EN work/MUX8x1using2x1 1785733114 \
      FL "C:/Projects/Xilinx Projects/Flip-Flop/Projects/Multiplexer8x1/MUX8x1using2x1.vhd" \
      PB ieee/std_logic_1164 1132105529
AR work/MUX8x1using2x1/Behavioral 1785733115 \
      FL "C:/Projects/Xilinx Projects/Flip-Flop/Projects/Multiplexer8x1/MUX8x1using2x1.vhd" \
      EN work/MUX8x1using2x1 1785733114 CP work/MUX2x1
FL "C:/Projects/Xilinx Projects/Flip-Flop/Projects/Multiplexer8x1/4x1MUX.vhd" 2026/08/02.15:01:58 I.24
EN work/MUX4x1 1785729997 \
      FL "C:/Projects/Xilinx Projects/Flip-Flop/Projects/Multiplexer8x1/4x1MUX.vhd" \
      PB ieee/std_logic_1164 1132105529
AR work/MUX4x1/Behavioral 1785729998 \
      FL "C:/Projects/Xilinx Projects/Flip-Flop/Projects/Multiplexer8x1/4x1MUX.vhd" \
      EN work/MUX4x1 1785729997
FL "C:/Projects/Xilinx Projects/Flip-Flop/Projects/Multiplexer8x1/MUX8x1using4x1.vhd" 2026/08/03.10:23:02 I.24
EN work/MUX8x1using4x1 1785732995 \
      FL "C:/Projects/Xilinx Projects/Flip-Flop/Projects/Multiplexer8x1/MUX8x1using4x1.vhd" \
      PB ieee/std_logic_1164 1132105529
AR work/MUX8x1using4x1/Behavioral 1785732996 \
      FL "C:/Projects/Xilinx Projects/Flip-Flop/Projects/Multiplexer8x1/MUX8x1using4x1.vhd" \
      EN work/MUX8x1using4x1 1785732995 CP work/MUX4x1
FL "C:/Projects/Xilinx Projects/Flip-Flop/Projects/Multiplexer8x1/MUX16x1using2x1.vhd" 2026/08/03.10:44:13 I.24
EN work/MUX16x1using2x1 1785734283 \
      FL "C:/Projects/Xilinx Projects/Flip-Flop/Projects/Multiplexer8x1/MUX16x1using2x1.vhd" \
      PB ieee/std_logic_1164 1132105529
AR work/MUX16x1using2x1/Behavioral 1785734284 \
      FL "C:/Projects/Xilinx Projects/Flip-Flop/Projects/Multiplexer8x1/MUX16x1using2x1.vhd" \
      EN work/MUX16x1using2x1 1785734283 CP work/MUX2x1
FL "C:/Projects/Xilinx Projects/Flip-Flop/Projects/Multiplexer8x1/MUX8x1using2x1Wave.ant" 2026/08/03.10:28:33 I.24
EN work/MUX8x1using2x1Wave 1785733116 \
      FL "C:/Projects/Xilinx Projects/Flip-Flop/Projects/Multiplexer8x1/MUX8x1using2x1Wave.ant" \
      PB ieee/std_logic_1164 1132105529 PB ieee/STD_LOGIC_TEXTIO 1132105539 \
      PB ieee/std_logic_arith 1132105531 PB ieee/STD_LOGIC_UNSIGNED 1132105537 \
      PB std/textio 1132105521
AR work/MUX8x1using2x1Wave/testbench_arch 1785733117 \
      FL "C:/Projects/Xilinx Projects/Flip-Flop/Projects/Multiplexer8x1/MUX8x1using2x1Wave.ant" \
      EN work/MUX8x1using2x1Wave 1785733116 CP MUX8x1using2x1 \
      PB ieee/STD_LOGIC_TEXTIO 1132105539
FL "C:/Projects/Xilinx Projects/Flip-Flop/Projects/Multiplexer8x1/MUX8x1using4x1Wave.ant" 2026/08/03.10:26:34 I.24
EN work/MUX8x1using4x1Wave 1785732997 \
      FL "C:/Projects/Xilinx Projects/Flip-Flop/Projects/Multiplexer8x1/MUX8x1using4x1Wave.ant" \
      PB ieee/std_logic_1164 1132105529 PB ieee/STD_LOGIC_TEXTIO 1132105539 \
      PB ieee/std_logic_arith 1132105531 PB ieee/STD_LOGIC_UNSIGNED 1132105537 \
      PB std/textio 1132105521
AR work/MUX8x1using4x1Wave/testbench_arch 1785732998 \
      FL "C:/Projects/Xilinx Projects/Flip-Flop/Projects/Multiplexer8x1/MUX8x1using4x1Wave.ant" \
      EN work/MUX8x1using4x1Wave 1785732997 CP MUX8x1using4x1 \
      PB ieee/STD_LOGIC_TEXTIO 1132105539
FL "C:/Projects/Xilinx Projects/Flip-Flop/Projects/Multiplexer8x1/MUX16x1using4x1.vhd" 2026/08/03.10:08:42 I.24
EN work/MUX16x1using4x1 1785731958 \
      FL "C:/Projects/Xilinx Projects/Flip-Flop/Projects/Multiplexer8x1/MUX16x1using4x1.vhd" \
      PB ieee/std_logic_1164 1132105529
AR work/MUX16x1using4x1/Behavioral 1785731959 \
      FL "C:/Projects/Xilinx Projects/Flip-Flop/Projects/Multiplexer8x1/MUX16x1using4x1.vhd" \
      EN work/MUX16x1using4x1 1785731958 CP work/MUX4x1
FL "C:/Projects/Xilinx Projects/Flip-Flop/Projects/Multiplexer8x1/MUX16x1using2x1Wave.ant" 2026/08/03.10:48:03 I.24
EN work/MUX16x1using2x1Wave 1785734285 \
      FL "C:/Projects/Xilinx Projects/Flip-Flop/Projects/Multiplexer8x1/MUX16x1using2x1Wave.ant" \
      PB ieee/std_logic_1164 1132105529 PB ieee/STD_LOGIC_TEXTIO 1132105539 \
      PB ieee/std_logic_arith 1132105531 PB ieee/STD_LOGIC_UNSIGNED 1132105537 \
      PB std/textio 1132105521
AR work/MUX16x1using2x1Wave/testbench_arch 1785734286 \
      FL "C:/Projects/Xilinx Projects/Flip-Flop/Projects/Multiplexer8x1/MUX16x1using2x1Wave.ant" \
      EN work/MUX16x1using2x1Wave 1785734285 CP MUX16x1using2x1 \
      PB ieee/STD_LOGIC_TEXTIO 1132105539
FL "C:/Projects/Xilinx Projects/Flip-Flop/Projects/Multiplexer8x1/MUX16x1using4x1Wave.ant" 2026/08/03.10:28:45 I.24
EN work/MUX16x1using4x1Wave 1785733125 \
      FL "C:/Projects/Xilinx Projects/Flip-Flop/Projects/Multiplexer8x1/MUX16x1using4x1Wave.ant" \
      PB ieee/std_logic_1164 1132105529 PB ieee/STD_LOGIC_TEXTIO 1132105539 \
      PB ieee/std_logic_arith 1132105531 PB ieee/STD_LOGIC_UNSIGNED 1132105537 \
      PB std/textio 1132105521
AR work/MUX16x1using4x1Wave/testbench_arch 1785733126 \
      FL "C:/Projects/Xilinx Projects/Flip-Flop/Projects/Multiplexer8x1/MUX16x1using4x1Wave.ant" \
      EN work/MUX16x1using4x1Wave 1785733125 CP MUX16x1using4x1 \
      PB ieee/STD_LOGIC_TEXTIO 1132105539
FL "C:/Projects/Xilinx Projects/Flip-Flop/Projects/Multiplexer8x1/MUX2x1.vhd" 2026/08/02.15:03:33 I.24
EN work/MUX2x1 1785729337 \
      FL "C:/Projects/Xilinx Projects/Flip-Flop/Projects/Multiplexer8x1/MUX2x1.vhd" \
      PB ieee/std_logic_1164 1132105529
AR work/MUX2x1/Behavioral 1785729338 \
      FL "C:/Projects/Xilinx Projects/Flip-Flop/Projects/Multiplexer8x1/MUX2x1.vhd" \
      EN work/MUX2x1 1785729337
