AR addersubtractor behavioral "C:/Projects/Xilinx Projects/Flip-Flop/Projects/AdderSubtractor/AdderSubtractor.vhd" sub00/vhpl03 1789764255
EN fulladder NULL "C:/Projects/Xilinx Projects/Flip-Flop/Projects/AdderSubtractor/FullAdder.vhd" sub00/vhpl01 1789764252
EN addersubtractor NULL "C:/Projects/Xilinx Projects/Flip-Flop/Projects/AdderSubtractor/AdderSubtractor.vhd" sub00/vhpl00 1789764254
AR fulladder dataflow "C:/Projects/Xilinx Projects/Flip-Flop/Projects/AdderSubtractor/FullAdder.vhd" sub00/vhpl02 1789764253
