V3 7
FL "C:/Projects/Xilinx Projects/Flip-Flop/Projects/AdderSubtractor/AdderSubtractor.vhd" 2026/09/03.11:48:47 I.24
EN work/AdderSubtractor 1789764254 \
      FL "C:/Projects/Xilinx Projects/Flip-Flop/Projects/AdderSubtractor/AdderSubtractor.vhd" \
      PB ieee/std_logic_1164 1131108373
AR work/AdderSubtractor/Behavioral 1789764255 \
      FL "C:/Projects/Xilinx Projects/Flip-Flop/Projects/AdderSubtractor/AdderSubtractor.vhd" \
      EN work/AdderSubtractor 1789764254 CP work/FullAdder
FL "C:/Projects/Xilinx Projects/Flip-Flop/Projects/AdderSubtractor/FullAdder.vhd" 2026/09/03.11:31:05 I.24
EN work/FullAdder 1789764252 \
      FL "C:/Projects/Xilinx Projects/Flip-Flop/Projects/AdderSubtractor/FullAdder.vhd" \
      PB ieee/std_logic_1164 1131108373
AR work/FullAdder/Dataflow 1789764253 \
      FL "C:/Projects/Xilinx Projects/Flip-Flop/Projects/AdderSubtractor/FullAdder.vhd" \
      EN work/FullAdder 1789764252
