V3 10
FL "C:/Projects/Xilinx Projects/Flip-Flop/Projects/SIPO-ShiftRegister/ShiftRegister.vhd" 2026/09/24.11:39:44 I.24
EN work/ShiftRegister 1791065597 \
      FL "C:/Projects/Xilinx Projects/Flip-Flop/Projects/SIPO-ShiftRegister/ShiftRegister.vhd" \
      PB ieee/std_logic_1164 1131108373
AR work/ShiftRegister/Behavioral 1791065598 \
      FL "C:/Projects/Xilinx Projects/Flip-Flop/Projects/SIPO-ShiftRegister/ShiftRegister.vhd" \
      EN work/ShiftRegister 1791065597
FL "C:/Projects/Xilinx Projects/Flip-Flop/Projects/SIPO-ShiftRegister/DFlipFlop.vhd" 2026/09/24.12:03:29 I.24
EN work/DFlipFlop 1790231655 \
      FL "C:/Projects/Xilinx Projects/Flip-Flop/Projects/SIPO-ShiftRegister/DFlipFlop.vhd" \
      PB ieee/std_logic_1164 1131108373
AR work/DFlipFlop/Behavioral 1790231656 \
      FL "C:/Projects/Xilinx Projects/Flip-Flop/Projects/SIPO-ShiftRegister/DFlipFlop.vhd" \
      EN work/DFlipFlop 1790231655
FL "C:/Projects/Xilinx Projects/Flip-Flop/Projects/SIPO-ShiftRegister/ShiftRegisterUsingDFF.vhd" 2026/09/24.11:58:20 I.24
EN work/ShiftRegisterUsingDFF 1791065478 \
      FL "C:/Projects/Xilinx Projects/Flip-Flop/Projects/SIPO-ShiftRegister/ShiftRegisterUsingDFF.vhd" \
      PB ieee/std_logic_1164 1131108373
AR work/ShiftRegisterUsingDFF/Structural 1791065479 \
      FL "C:/Projects/Xilinx Projects/Flip-Flop/Projects/SIPO-ShiftRegister/ShiftRegisterUsingDFF.vhd" \
      EN work/ShiftRegisterUsingDFF 1791065478 CP work/DFlipFlop
