EN mux2x1 NULL "C:/Projects/Xilinx Projects/Flip-Flop/Projects/Multiplexer8x1/MUX2x1.vhd" sub00/vhpl00 1785733997
EN mux16x1using2x1 NULL "C:/Projects/Xilinx Projects/Flip-Flop/Projects/Multiplexer8x1/MUX16x1using2x1.vhd" sub00/vhpl02 1785733999
AR mux2x1 behavioral "C:/Projects/Xilinx Projects/Flip-Flop/Projects/Multiplexer8x1/MUX2x1.vhd" sub00/vhpl01 1785733998
