AR fulladder behavioral "C:/Projects/Xilinx Projects/Flip-Flop/Projects/RippleCarryAdder/FullAdder.vhd" sub00/vhpl02 1787819621
EN fulladder NULL "C:/Projects/Xilinx Projects/Flip-Flop/Projects/RippleCarryAdder/FullAdder.vhd" sub00/vhpl01 1788373661
EN ripplecarryadder NULL "C:/Projects/Xilinx Projects/Flip-Flop/Projects/RippleCarryAdder/RippleCarryAdder.vhd" sub00/vhpl00 1788373740
AR ripplecarryadder behavioral "C:/Projects/Xilinx Projects/Flip-Flop/Projects/RippleCarryAdder/RippleCarryAdder.vhd" sub00/vhpl03 1787820005
AR fulladder dataflow "C:/Projects/Xilinx Projects/Flip-Flop/Projects/RippleCarryAdder/FullAdder.vhd" sub00/vhpl04 1788373662
AR ripplecarryadder structural "C:/Projects/Xilinx Projects/Flip-Flop/Projects/RippleCarryAdder/RippleCarryAdder.vhd" sub00/vhpl05 1788373741
