Release 8.1i - xst I.24
Copyright (c) 1995-2005 Xilinx, Inc.  All rights reserved.
--> Parameter TMPDIR set to ./xst/projnav.tmp
CPU : 0.00 / 0.25 s | Elapsed : 0.00 / 0.00 s
 
--> Parameter xsthdpdir set to ./xst
CPU : 0.00 / 0.25 s | Elapsed : 0.00 / 0.00 s
 
--> Reading design: ShiftRegister.prj

TABLE OF CONTENTS
  1) Synthesis Options Summary
  2) HDL Compilation
  3) HDL Analysis
  4) HDL Synthesis
     4.1) HDL Synthesis Report
  5) Advanced HDL Synthesis
     5.1) Advanced HDL Synthesis Report
  6) Low Level Synthesis
  7) Final Report

=========================================================================
*                      Synthesis Options Summary                        *
=========================================================================
---- Source Parameters
Input File Name                    : "ShiftRegister.prj"
Input Format                       : mixed
Ignore Synthesis Constraint File   : NO

---- Target Parameters
Output File Name                   : "ShiftRegister"
Output Format                      : NGC
Target Device                      : Automotive CoolRunner2

---- Source Options
Top Module Name                    : ShiftRegister
Automatic FSM Extraction           : YES
FSM Encoding Algorithm             : Auto
Mux Extraction                     : YES
Resource Sharing                   : YES

---- Target Options
Add IO Buffers                     : YES
MACRO Preserve                     : YES
XOR Preserve                       : YES
Equivalent register Removal        : YES

---- General Options
Optimization Goal                  : Speed
Optimization Effort                : 1
Keep Hierarchy                     : YES
RTL Output                         : Yes
Hierarchy Separator                : /
Bus Delimiter                      : <>
Case Specifier                     : maintain

---- Other Options
lso                                : ShiftRegister.lso
verilog2001                        : YES
safe_implementation                : No
wysiwyg                            : NO

=========================================================================


=========================================================================
*                          HDL Compilation                              *
=========================================================================
Compiling vhdl file "C:/Projects/Xilinx Projects/Flip-Flop/Projects/SIPO-ShiftRegister/ShiftRegister.vhd" in Library work.
Architecture behavioral of Entity shiftregister is up to date.

=========================================================================
*                            HDL Analysis                               *
=========================================================================
Analyzing Entity <ShiftRegister> (Architecture <behavioral>).
Entity <ShiftRegister> analyzed. Unit <ShiftRegister> generated.


=========================================================================
*                           HDL Synthesis                               *
=========================================================================

Synthesizing Unit <ShiftRegister>.
    Related source file is "C:/Projects/Xilinx Projects/Flip-Flop/Projects/SIPO-ShiftRegister/ShiftRegister.vhd".
    Found 4-bit register for signal <temp>.
Unit <ShiftRegister> synthesized.


=========================================================================
HDL Synthesis Report

Macro Statistics
# Registers                                            : 1
 4-bit register                                        : 1

=========================================================================

=========================================================================
*                       Advanced HDL Synthesis                          *
=========================================================================


=========================================================================
Advanced HDL Synthesis Report

Macro Statistics
# Registers                                            : 4
 Flip-Flops                                            : 4

=========================================================================

=========================================================================
*                         Low Level Synthesis                           *
=========================================================================

Optimizing unit <ShiftRegister> ...
  implementation constraint: INIT=r	 : temp_3
  implementation constraint: INIT=r	 : temp_0
  implementation constraint: INIT=r	 : temp_1
  implementation constraint: INIT=r	 : temp_2

=========================================================================
*                            Final Report                               *
=========================================================================
Final Results
RTL Top Level Output File Name     : ShiftRegister.ngr
Top Level Output File Name         : ShiftRegister
Output Format                      : NGC
Optimization Goal                  : Speed
Keep Hierarchy                     : YES
Target Technology                  : Automotive CoolRunner2
Macro Preserve                     : YES
XOR Preserve                       : YES
wysiwyg                            : NO

Design Statistics
# IOs                              : 7

Cell Usage :
# FlipFlops/Latches                : 4
#      FDC                         : 4
# IO Buffers                       : 7
#      IBUF                        : 3
#      OBUF                        : 4
=========================================================================
CPU : 2.45 / 2.70 s | Elapsed : 3.00 / 3.00 s
 
--> 

Total memory usage is 159696 kilobytes

Number of errors   :    0 (   0 filtered)
Number of warnings :    0 (   0 filtered)
Number of infos    :    0 (   0 filtered)

