AR nandgate behavioral "C:/Projects/Xilinx Projects/Flip-Flop/Projects/universalGates/nandGate.vhd" sub00/vhpl01 1784747254
EN orusingnand NULL "C:/Projects/Xilinx Projects/Flip-Flop/Projects/universalGates/orUsingNand.vhd" sub00/vhpl04 1784735042
EN andusingnand NULL "C:/Projects/Xilinx Projects/Flip-Flop/Projects/universalGates/andUsingNand.vhd" sub00/vhpl02 1785598847
AR norgate behavioral "C:/Projects/Xilinx Projects/Flip-Flop/Projects/universalGates/norGate.vhd" sub00/vhpl08 1784747530
EN andusingnor NULL "C:/Projects/Xilinx Projects/Flip-Flop/Projects/universalGates/andUsingNor.vhd" sub00/vhpl06 1784747323
AR andusingnand behavioral "C:/Projects/Xilinx Projects/Flip-Flop/Projects/universalGates/andUsingNand.vhd" sub00/vhpl03 1785598848
AR andusingnor behavioral "C:/Projects/Xilinx Projects/Flip-Flop/Projects/universalGates/andUsingNor.vhd" sub00/vhpl11 1784747324
AR orusingnor behavioral "C:/Projects/Xilinx Projects/Flip-Flop/Projects/universalGates/orUsingNor.vhd" sub00/vhpl10 1784746087
EN notusingnand NULL "C:/Projects/Xilinx Projects/Flip-Flop/Projects/universalGates/notUsingNand.vhd" sub00/vhpl12 1785598695
AR notusingnor behavioral "C:/Projects/Xilinx Projects/Flip-Flop/Projects/universalGates/notUsingNor.vhd" sub00/vhpl15 1785598867
EN orusingnor NULL "C:/Projects/Xilinx Projects/Flip-Flop/Projects/universalGates/orUsingNor.vhd" sub00/vhpl09 1784746086
AR orusingnand behavioral "C:/Projects/Xilinx Projects/Flip-Flop/Projects/universalGates/orUsingNand.vhd" sub00/vhpl05 1784735043
AR notusingnand behavioral "C:/Projects/Xilinx Projects/Flip-Flop/Projects/universalGates/notUsingNand.vhd" sub00/vhpl13 1785598696
EN notusingnor NULL "C:/Projects/Xilinx Projects/Flip-Flop/Projects/universalGates/notUsingNor.vhd" sub00/vhpl14 1785598866
EN norgate NULL "C:/Projects/Xilinx Projects/Flip-Flop/Projects/universalGates/norGate.vhd" sub00/vhpl07 1784747529
EN nandgate NULL "C:/Projects/Xilinx Projects/Flip-Flop/Projects/universalGates/nandGate.vhd" sub00/vhpl00 1784747253
