V3 20
FL "C:/Projects/Xilinx Projects/Flip-Flop/Projects/universalGates/norGate.vhd" 2026/07/22.21:17:36 I.24
EN work/norGate 1784747529 \
      FL "C:/Projects/Xilinx Projects/Flip-Flop/Projects/universalGates/norGate.vhd" \
      PB ieee/std_logic_1164 1131108373
AR work/norGate/Behavioral 1784747530 \
      FL "C:/Projects/Xilinx Projects/Flip-Flop/Projects/universalGates/norGate.vhd" \
      EN work/norGate 1784747529
FL "C:/Projects/Xilinx Projects/Flip-Flop/Projects/universalGates/andUsingNand.vhd" 2026/07/23.00:26:48 I.24
EN work/andUsingNand 1784747255 \
      FL "C:/Projects/Xilinx Projects/Flip-Flop/Projects/universalGates/andUsingNand.vhd" \
      PB ieee/std_logic_1164 1131108373
AR work/andUsingNand/Behavioral 1784747256 \
      FL "C:/Projects/Xilinx Projects/Flip-Flop/Projects/universalGates/andUsingNand.vhd" \
      EN work/andUsingNand 1784747255 CP work/nandGate
FL "C:/Projects/Xilinx Projects/Flip-Flop/Projects/universalGates/andUsingNor.vhd" 2026/07/23.00:25:36 I.24
EN work/andUsingNor 1784747323 \
      FL "C:/Projects/Xilinx Projects/Flip-Flop/Projects/universalGates/andUsingNor.vhd" \
      PB ieee/std_logic_1164 1131108373
AR work/andUsingNor/Behavioral 1784747324 \
      FL "C:/Projects/Xilinx Projects/Flip-Flop/Projects/universalGates/andUsingNor.vhd" \
      EN work/andUsingNor 1784747323 CP work/norGate
FL "C:/Projects/Xilinx Projects/Flip-Flop/Projects/universalGates/nandGate.vhd" 2026/07/18.17:11:12 I.24
EN work/nandGate 1784747253 \
      FL "C:/Projects/Xilinx Projects/Flip-Flop/Projects/universalGates/nandGate.vhd" \
      PB ieee/std_logic_1164 1131108373
AR work/nandGate/Behavioral 1784747254 \
      FL "C:/Projects/Xilinx Projects/Flip-Flop/Projects/universalGates/nandGate.vhd" \
      EN work/nandGate 1784747253
FL "C:/Projects/Xilinx Projects/Flip-Flop/Projects/universalGates/orUsingNand.vhd" 2026/07/18.23:54:13 I.24
EN work/orUsingNand 1784735042 \
      FL "C:/Projects/Xilinx Projects/Flip-Flop/Projects/universalGates/orUsingNand.vhd" \
      PB ieee/std_logic_1164 1131108373
AR work/orUsingNand/Behavioral 1784735043 \
      FL "C:/Projects/Xilinx Projects/Flip-Flop/Projects/universalGates/orUsingNand.vhd" \
      EN work/orUsingNand 1784735042 CP work/nandGate
FL "C:/Projects/Xilinx Projects/Flip-Flop/Projects/universalGates/orUsingNor.vhd" 2026/07/22.21:20:40 I.24
EN work/orUsingNor 1784746086 \
      FL "C:/Projects/Xilinx Projects/Flip-Flop/Projects/universalGates/orUsingNor.vhd" \
      PB ieee/std_logic_1164 1131108373
AR work/orUsingNor/Behavioral 1784746087 \
      FL "C:/Projects/Xilinx Projects/Flip-Flop/Projects/universalGates/orUsingNor.vhd" \
      EN work/orUsingNor 1784746086 CP work/norGate
